  cache (16127, 5, 512) | feature set v2
  config: epochs=20 seeds=1 tta=(0,) val=0
  augment: {'order_jitter_bins': 4, 'amplitude_scale': 0.25, 'channel_dropout': 0.15, 'noise_std': 0.05, 'prob': 0.8}
  repeats: 3 (different base seeds)

======================================================================
  REPEAT 1/3  base seed 42
======================================================================
  device: cuda  cache resident: 165.1 MB
  epochs=20 early_stop=False seeds=1 tta=(0,)
  fold  0 K001  (healthy    none      ) acc=0.9982 F1=0.3330 rec=1.0000 val=nan ep= 19   7.6s
  fold  1 K002  (healthy    none      ) acc=0.0679 F1=0.0424 rec=0.0000 val=nan ep= 19   4.8s
  fold  2 K003  (healthy    none      ) acc=1.0000 F1=0.3333 rec=1.0000 val=nan ep= 19   4.8s
  fold  3 K004  (healthy    none      ) acc=0.9304 F1=0.3213 rec=1.0000 val=nan ep= 19   4.8s
  fold  4 K005  (healthy    none      ) acc=0.7607 F1=0.2880 rec=0.9375 val=nan ep= 19   4.9s
  fold  5 K006  (healthy    none      ) acc=0.9982 F1=0.3330 rec=1.0000 val=nan ep= 19   4.8s
  fold  6 KA01  (outer_race artificial) acc=1.0000 F1=0.3333 rec=1.0000 val=nan ep= 19   4.9s
  fold  7 KA03  (outer_race artificial) acc=0.5661 F1=0.2410 rec=0.4750 val=nan ep= 19   5.1s
  fold  8 KA04  (outer_race real      ) acc=0.9566 F1=0.3259 rec=0.9873 val=nan ep= 19   5.1s
  fold  9 KA05  (outer_race artificial) acc=0.8784 F1=0.3117 rec=0.9875 val=nan ep= 19   5.1s
  fold 10 KA06  (outer_race artificial) acc=0.9893 F1=0.3315 rec=1.0000 val=nan ep= 19   5.0s
  fold 11 KA07  (outer_race artificial) acc=0.8714 F1=0.3104 rec=0.9375 val=nan ep= 19   5.0s
  fold 12 KA08  (outer_race artificial) acc=0.9167 F1=0.3188 rec=1.0000 val=nan ep= 19   5.1s
  fold 13 KA09  (outer_race artificial) acc=0.9946 F1=0.3324 rec=1.0000 val=nan ep= 19   5.0s
  fold 14 KA15  (outer_race real      ) acc=0.8262 F1=0.3016 rec=0.9750 val=nan ep= 19   5.0s
  fold 15 KA16  (outer_race real      ) acc=0.9643 F1=0.3273 rec=1.0000 val=nan ep= 19   5.0s
  fold 16 KA22  (outer_race real      ) acc=0.3429 F1=0.1702 rec=0.4625 val=nan ep= 19   5.0s
  fold 17 KA30  (outer_race real      ) acc=0.2339 F1=0.1264 rec=0.1125 val=nan ep= 19   5.0s
  fold 18 KI01  (inner_race artificial) acc=0.9982 F1=0.3330 rec=1.0000 val=nan ep= 19   5.0s
  fold 19 KI03  (inner_race artificial) acc=0.5839 F1=0.2458 rec=0.7375 val=nan ep= 19   5.0s
  fold 20 KI04  (inner_race real      ) acc=0.9107 F1=0.3178 rec=0.9375 val=nan ep= 19   5.0s
  fold 21 KI05  (inner_race artificial) acc=0.0054 F1=0.0036 rec=0.0000 val=nan ep= 19   5.1s
  fold 22 KI07  (inner_race artificial) acc=0.7585 F1=0.2876 rec=0.8625 val=nan ep= 19   5.0s
  fold 23 KI08  (inner_race artificial) acc=0.9803 F1=0.3300 rec=0.9875 val=nan ep= 19   5.0s
  fold 24 KI14  (inner_race real      ) acc=0.8676 F1=0.3097 rec=1.0000 val=nan ep= 19   5.0s
  fold 25 KI16  (inner_race real      ) acc=0.9840 F1=0.3306 rec=1.0000 val=nan ep= 19   4.9s
  fold 26 KI17  (inner_race real      ) acc=0.8551 F1=0.3073 rec=0.9750 val=nan ep= 19   4.9s
  fold 27 KI18  (inner_race real      ) acc=1.0000 F1=0.3333 rec=1.0000 val=nan ep= 19   5.0s
  fold 28 KI21  (inner_race real      ) acc=0.8799 F1=0.3120 rec=1.0000 val=nan ep= 19   4.9s

  -> repeat 1: window 0.7968  F1 0.7869  recording 0.8395
======================================================================
  REPEAT 2/3  base seed 7961
======================================================================
  device: cuda  cache resident: 165.1 MB
  epochs=20 early_stop=False seeds=1 tta=(0,)
  fold  0 K001  (healthy    none      ) acc=1.0000 F1=0.3333 rec=1.0000 val=nan ep= 19   4.9s
  fold  1 K002  (healthy    none      ) acc=0.0518 F1=0.0328 rec=0.0000 val=nan ep= 19   4.9s
  fold  2 K003  (healthy    none      ) acc=1.0000 F1=0.3333 rec=1.0000 val=nan ep= 19   4.9s
  fold  3 K004  (healthy    none      ) acc=0.9696 F1=0.3282 rec=1.0000 val=nan ep= 19   5.0s
  fold  4 K005  (healthy    none      ) acc=0.8982 F1=0.3155 rec=0.9875 val=nan ep= 19   5.0s
  fold  5 K006  (healthy    none      ) acc=1.0000 F1=0.3333 rec=1.0000 val=nan ep= 19   5.0s
  fold  6 KA01  (outer_race artificial) acc=1.0000 F1=0.3333 rec=1.0000 val=nan ep= 19   5.0s
  fold  7 KA03  (outer_race artificial) acc=0.5339 F1=0.2321 rec=0.4250 val=nan ep= 19   5.0s
  fold  8 KA04  (outer_race real      ) acc=0.9892 F1=0.3315 rec=0.9873 val=nan ep= 19   5.1s
  fold  9 KA05  (outer_race artificial) acc=0.9750 F1=0.3291 rec=1.0000 val=nan ep= 19   5.1s
  fold 10 KA06  (outer_race artificial) acc=1.0000 F1=0.3333 rec=1.0000 val=nan ep= 19   5.1s
  fold 11 KA07  (outer_race artificial) acc=0.9000 F1=0.3158 rec=0.9375 val=nan ep= 19   5.0s
  fold 12 KA08  (outer_race artificial) acc=0.8822 F1=0.3125 rec=0.9367 val=nan ep= 19   4.9s
  fold 13 KA09  (outer_race artificial) acc=1.0000 F1=0.3333 rec=1.0000 val=nan ep= 19   5.0s
  fold 14 KA15  (outer_race real      ) acc=0.8943 F1=0.3147 rec=1.0000 val=nan ep= 19   4.9s
  fold 15 KA16  (outer_race real      ) acc=0.9196 F1=0.3194 rec=1.0000 val=nan ep= 19   5.0s
  fold 16 KA22  (outer_race real      ) acc=0.6373 F1=0.2595 rec=0.7125 val=nan ep= 19   5.0s
  fold 17 KA30  (outer_race real      ) acc=0.1607 F1=0.0923 rec=0.0125 val=nan ep= 19   5.0s
  fold 18 KI01  (inner_race artificial) acc=1.0000 F1=0.3333 rec=1.0000 val=nan ep= 19   5.0s
  fold 19 KI03  (inner_race artificial) acc=0.5089 F1=0.2249 rec=0.5250 val=nan ep= 19   5.0s
  fold 20 KI04  (inner_race real      ) acc=0.8946 F1=0.3148 rec=0.9000 val=nan ep= 19   5.0s
  fold 21 KI05  (inner_race artificial) acc=0.0143 F1=0.0094 rec=0.0000 val=nan ep= 19   5.0s
  fold 22 KI07  (inner_race artificial) acc=0.8157 F1=0.2995 rec=0.8750 val=nan ep= 19   5.0s
  fold 23 KI08  (inner_race artificial) acc=0.9606 F1=0.3266 rec=0.9875 val=nan ep= 19   4.9s
  fold 24 KI14  (inner_race real      ) acc=0.8655 F1=0.3093 rec=0.8676 val=nan ep= 19   5.0s
  fold 25 KI16  (inner_race real      ) acc=0.9947 F1=0.3324 rec=1.0000 val=nan ep= 19   5.0s
  fold 26 KI17  (inner_race real      ) acc=0.9875 F1=0.3312 rec=1.0000 val=nan ep= 19   5.0s
  fold 27 KI18  (inner_race real      ) acc=1.0000 F1=0.3333 rec=1.0000 val=nan ep= 19   5.0s
  fold 28 KI21  (inner_race real      ) acc=0.7545 F1=0.2867 rec=0.9500 val=nan ep= 19   5.0s

  -> repeat 2: window 0.8137  F1 0.8075  recording 0.8309
======================================================================
  REPEAT 3/3  base seed 15880
======================================================================
  device: cuda  cache resident: 165.1 MB
  epochs=20 early_stop=False seeds=1 tta=(0,)
  fold  0 K001  (healthy    none      ) acc=1.0000 F1=0.3333 rec=1.0000 val=nan ep= 19   5.0s
  fold  1 K002  (healthy    none      ) acc=0.0143 F1=0.0094 rec=0.0000 val=nan ep= 19   5.0s
  fold  2 K003  (healthy    none      ) acc=1.0000 F1=0.3333 rec=1.0000 val=nan ep= 19   5.0s
  fold  3 K004  (healthy    none      ) acc=0.9732 F1=0.3288 rec=1.0000 val=nan ep= 19   5.0s
  fold  4 K005  (healthy    none      ) acc=0.8589 F1=0.3080 rec=0.9750 val=nan ep= 19   5.0s
  fold  5 K006  (healthy    none      ) acc=1.0000 F1=0.3333 rec=1.0000 val=nan ep= 19   5.0s
  fold  6 KA01  (outer_race artificial) acc=1.0000 F1=0.3333 rec=1.0000 val=nan ep= 19   5.0s
  fold  7 KA03  (outer_race artificial) acc=0.4911 F1=0.2196 rec=0.3750 val=nan ep= 19   5.0s
  fold  8 KA04  (outer_race real      ) acc=0.9656 F1=0.3275 rec=1.0000 val=nan ep= 19   5.0s
  fold  9 KA05  (outer_race artificial) acc=0.9767 F1=0.3294 rec=1.0000 val=nan ep= 19   5.0s
  fold 10 KA06  (outer_race artificial) acc=1.0000 F1=0.3333 rec=1.0000 val=nan ep= 19   5.0s
  fold 11 KA07  (outer_race artificial) acc=0.8411 F1=0.3046 rec=0.9375 val=nan ep= 19   5.0s
  fold 12 KA08  (outer_race artificial) acc=0.9040 F1=0.3165 rec=0.9873 val=nan ep= 19   5.0s
  fold 13 KA09  (outer_race artificial) acc=0.9982 F1=0.3330 rec=1.0000 val=nan ep= 19   5.0s
  fold 14 KA15  (outer_race real      ) acc=0.7527 F1=0.2863 rec=0.8875 val=nan ep= 19   5.0s
  fold 15 KA16  (outer_race real      ) acc=0.9607 F1=0.3267 rec=1.0000 val=nan ep= 19   5.0s
  fold 16 KA22  (outer_race real      ) acc=0.4901 F1=0.2193 rec=0.6250 val=nan ep= 19   5.0s
  fold 17 KA30  (outer_race real      ) acc=0.2089 F1=0.1152 rec=0.0875 val=nan ep= 19   5.0s
  fold 18 KI01  (inner_race artificial) acc=1.0000 F1=0.3333 rec=1.0000 val=nan ep= 19   5.0s
  fold 19 KI03  (inner_race artificial) acc=0.5143 F1=0.2264 rec=0.5625 val=nan ep= 19   5.0s
  fold 20 KI04  (inner_race real      ) acc=0.9179 F1=0.3191 rec=0.9250 val=nan ep= 19   5.0s
  fold 21 KI05  (inner_race artificial) acc=0.0036 F1=0.0024 rec=0.0000 val=nan ep= 19   5.0s
  fold 22 KI07  (inner_race artificial) acc=0.8014 F1=0.2966 rec=0.9250 val=nan ep= 19   5.0s
  fold 23 KI08  (inner_race artificial) acc=0.9409 F1=0.3232 rec=0.9750 val=nan ep= 19   5.0s
  fold 24 KI14  (inner_race real      ) acc=0.8382 F1=0.3040 rec=0.9706 val=nan ep= 19   5.0s
  fold 25 KI16  (inner_race real      ) acc=0.9786 F1=0.3297 rec=1.0000 val=nan ep= 19   5.0s
  fold 26 KI17  (inner_race real      ) acc=0.8819 F1=0.3124 rec=0.9875 val=nan ep= 19   5.0s
  fold 27 KI18  (inner_race real      ) acc=1.0000 F1=0.3333 rec=1.0000 val=nan ep= 19   5.0s
  fold 28 KI21  (inner_race real      ) acc=0.7509 F1=0.2859 rec=0.8500 val=nan ep= 19   5.0s

  -> repeat 3: window 0.7950  F1 0.7888  recording 0.8291


======================================================================
  3 repeats of an identical config
  metric                   mean      std      min      max
  --------------------------------------------------------
  window_acc             0.8018   0.0103   0.7950   0.8137
  macro_f1               0.7944   0.0114   0.7869   0.8075
  recording_acc          0.8332   0.0056   0.8291   0.8395

  baseline 0.4153
  wrote D:\kone\artifacts\runs\repeat_v2.json
