  feature set v1 | cache (16127, 2, 512) | 29 folds | baseline 0.4153

======================================================================
  RECIPE base
  train={}
  aug={'order_jitter_bins': 4, 'amplitude_scale': 0.25, 'channel_dropout': 0.15, 'noise_std': 0.05, 'prob': 0.8}
======================================================================
  device: cuda  cache resident: 66.1 MB
  epochs=20 early_stop=False seeds=3 tta=(-3, 0, 3)
  fold  0 K001  (healthy    none      ) acc=1.0000 F1=0.3333 rec=1.0000 val=nan ep= 19  17.0s
  fold  1 K002  (healthy    none      ) acc=0.0143 F1=0.0094 rec=0.0000 val=nan ep= 19  14.2s
  fold  2 K003  (healthy    none      ) acc=1.0000 F1=0.3333 rec=1.0000 val=nan ep= 19  14.0s
  fold  3 K004  (healthy    none      ) acc=0.6804 F1=0.2699 rec=0.8500 val=nan ep= 19  14.5s
  fold  4 K005  (healthy    none      ) acc=0.6696 F1=0.2674 rec=0.9500 val=nan ep= 19  14.5s
  fold  5 K006  (healthy    none      ) acc=1.0000 F1=0.3333 rec=1.0000 val=nan ep= 19  14.5s
  fold  6 KA01  (outer_race artificial) acc=0.9785 F1=0.3297 rec=1.0000 val=nan ep= 19  14.6s
  fold  7 KA03  (outer_race artificial) acc=0.8375 F1=0.3039 rec=0.8625 val=nan ep= 19  14.6s
  fold  8 KA04  (outer_race real      ) acc=0.9928 F1=0.3321 rec=0.9873 val=nan ep= 19  14.6s
  fold  9 KA05  (outer_race artificial) acc=0.9535 F1=0.3254 rec=1.0000 val=nan ep= 19  14.6s
  fold 10 KA06  (outer_race artificial) acc=1.0000 F1=0.3333 rec=1.0000 val=nan ep= 19  14.6s
  fold 11 KA07  (outer_race artificial) acc=0.8857 F1=0.3131 rec=0.9250 val=nan ep= 19  14.5s
  fold 12 KA08  (outer_race artificial) acc=0.7717 F1=0.2904 rec=0.7468 val=nan ep= 19  14.6s
  fold 13 KA09  (outer_race artificial) acc=0.8229 F1=0.3009 rec=0.7875 val=nan ep= 19  14.6s
  fold 14 KA15  (outer_race real      ) acc=0.5323 F1=0.2316 rec=0.5750 val=nan ep= 19  14.6s
  fold 15 KA16  (outer_race real      ) acc=0.9911 F1=0.3318 rec=1.0000 val=nan ep= 19  14.6s
  fold 16 KA22  (outer_race real      ) acc=0.1418 F1=0.0828 rec=0.1375 val=nan ep= 19  14.6s
  fold 17 KA30  (outer_race real      ) acc=0.3018 F1=0.1545 rec=0.2250 val=nan ep= 19  14.6s
  fold 18 KI01  (inner_race artificial) acc=1.0000 F1=0.3333 rec=1.0000 val=nan ep= 19  14.6s
  fold 19 KI03  (inner_race artificial) acc=0.8679 F1=0.3098 rec=1.0000 val=nan ep= 19  14.6s
  fold 20 KI04  (inner_race real      ) acc=1.0000 F1=0.3333 rec=1.0000 val=nan ep= 19  14.5s
  fold 21 KI05  (inner_race artificial) acc=0.2594 F1=0.1373 rec=0.0750 val=nan ep= 19  13.7s
  fold 22 KI07  (inner_race artificial) acc=0.7138 F1=0.2777 rec=0.7375 val=nan ep= 19  13.4s
  fold 23 KI08  (inner_race artificial) acc=0.9731 F1=0.3288 rec=1.0000 val=nan ep= 19  13.5s
  fold 24 KI14  (inner_race real      ) acc=0.7647 F1=0.2889 rec=0.8382 val=nan ep= 19  13.6s
  fold 25 KI16  (inner_race real      ) acc=0.8826 F1=0.3125 rec=1.0000 val=nan ep= 19  13.6s
  fold 26 KI17  (inner_race real      ) acc=0.9946 F1=0.3324 rec=1.0000 val=nan ep= 19  13.7s
  fold 27 KI18  (inner_race real      ) acc=1.0000 F1=0.3333 rec=1.0000 val=nan ep= 19  13.7s
  fold 28 KI21  (inner_race real      ) acc=0.6935 F1=0.2730 rec=0.9000 val=nan ep= 19  13.8s

  -> base: window 0.7837  F1 0.7667  recording 0.8135  [7.0 min]

======================================================================
  RECIPE weak_aug
  train={}
  aug={'order_jitter_bins': 3, 'amplitude_scale': 0.15, 'channel_dropout': 0.0, 'noise_std': 0.02, 'prob': 0.5}
======================================================================
  device: cuda  cache resident: 66.1 MB
  epochs=20 early_stop=False seeds=3 tta=(-3, 0, 3)
  fold  0 K001  (healthy    none      ) acc=1.0000 F1=0.3333 rec=1.0000 val=nan ep= 19  13.3s
  fold  1 K002  (healthy    none      ) acc=0.0071 F1=0.0047 rec=0.0000 val=nan ep= 19  13.5s
  fold  2 K003  (healthy    none      ) acc=1.0000 F1=0.3333 rec=1.0000 val=nan ep= 19  13.8s
  fold  3 K004  (healthy    none      ) acc=0.6589 F1=0.2648 rec=0.8375 val=nan ep= 19  13.6s
  fold  4 K005  (healthy    none      ) acc=0.6964 F1=0.2737 rec=0.9625 val=nan ep= 19  14.1s
  fold  5 K006  (healthy    none      ) acc=0.9946 F1=0.3324 rec=1.0000 val=nan ep= 19  14.2s
  fold  6 KA01  (outer_race artificial) acc=0.9410 F1=0.3232 rec=1.0000 val=nan ep= 19  14.2s
  fold  7 KA03  (outer_race artificial) acc=0.8143 F1=0.2992 rec=0.8000 val=nan ep= 19  14.2s
  fold  8 KA04  (outer_race real      ) acc=0.9910 F1=0.3318 rec=0.9873 val=nan ep= 19  14.2s
  fold  9 KA05  (outer_race artificial) acc=0.9624 F1=0.3270 rec=1.0000 val=nan ep= 19  14.2s
  fold 10 KA06  (outer_race artificial) acc=1.0000 F1=0.3333 rec=1.0000 val=nan ep= 19  14.2s
  fold 11 KA07  (outer_race artificial) acc=0.9143 F1=0.3184 rec=0.9750 val=nan ep= 19  14.2s
  fold 12 KA08  (outer_race artificial) acc=0.7844 F1=0.2931 rec=0.7468 val=nan ep= 19  14.2s
  fold 13 KA09  (outer_race artificial) acc=0.8551 F1=0.3073 rec=0.8375 val=nan ep= 19  14.2s
  fold 14 KA15  (outer_race real      ) acc=0.4964 F1=0.2212 rec=0.5250 val=nan ep= 19  13.2s
  fold 15 KA16  (outer_race real      ) acc=0.9911 F1=0.3318 rec=1.0000 val=nan ep= 19  13.2s
  fold 16 KA22  (outer_race real      ) acc=0.1688 F1=0.0963 rec=0.1500 val=nan ep= 19  13.3s
  fold 17 KA30  (outer_race real      ) acc=0.3643 F1=0.1780 rec=0.3125 val=nan ep= 19  13.7s
  fold 18 KI01  (inner_race artificial) acc=0.9625 F1=0.3270 rec=1.0000 val=nan ep= 19  13.4s
  fold 19 KI03  (inner_race artificial) acc=0.8268 F1=0.3017 rec=1.0000 val=nan ep= 19  13.2s
  fold 20 KI04  (inner_race real      ) acc=1.0000 F1=0.3333 rec=1.0000 val=nan ep= 19  13.3s
  fold 21 KI05  (inner_race artificial) acc=0.2397 F1=0.1289 rec=0.0375 val=nan ep= 19  13.4s
  fold 22 KI07  (inner_race artificial) acc=0.7209 F1=0.2793 rec=0.7375 val=nan ep= 19  13.2s
  fold 23 KI08  (inner_race artificial) acc=0.9677 F1=0.3279 rec=1.0000 val=nan ep= 19  14.1s
  fold 24 KI14  (inner_race real      ) acc=0.7731 F1=0.2907 rec=0.8382 val=nan ep= 19  13.9s
  fold 25 KI16  (inner_race real      ) acc=0.8950 F1=0.3149 rec=1.0000 val=nan ep= 19  13.1s
  fold 26 KI17  (inner_race real      ) acc=0.9928 F1=0.3321 rec=1.0000 val=nan ep= 19  13.4s
  fold 27 KI18  (inner_race real      ) acc=1.0000 F1=0.3333 rec=1.0000 val=nan ep= 19  13.2s
  fold 28 KI21  (inner_race real      ) acc=0.7455 F1=0.2847 rec=0.9375 val=nan ep= 19  13.2s

  -> weak_aug: window 0.7851  F1 0.7680  recording 0.8166  [6.6 min]

======================================================================
  RECIPE no_ensemble
  train={'n_seeds': 1, 'tta_shifts': (0,)}
  aug={'order_jitter_bins': 4, 'amplitude_scale': 0.25, 'channel_dropout': 0.15, 'noise_std': 0.05, 'prob': 0.8}
======================================================================
  device: cuda  cache resident: 66.1 MB
  epochs=20 early_stop=False seeds=1 tta=(0,)
  fold  0 K001  (healthy    none      ) acc=1.0000 F1=0.3333 rec=1.0000 val=nan ep= 19   4.5s
  fold  1 K002  (healthy    none      ) acc=0.0089 F1=0.0059 rec=0.0000 val=nan ep= 19   4.5s
  fold  2 K003  (healthy    none      ) acc=1.0000 F1=0.3333 rec=1.0000 val=nan ep= 19   4.4s
  fold  3 K004  (healthy    none      ) acc=0.6732 F1=0.2682 rec=0.8125 val=nan ep= 19   4.4s
  fold  4 K005  (healthy    none      ) acc=0.6911 F1=0.2724 rec=0.9875 val=nan ep= 19   4.4s
  fold  5 K006  (healthy    none      ) acc=0.9929 F1=0.3321 rec=1.0000 val=nan ep= 19   4.4s
  fold  6 KA01  (outer_race artificial) acc=0.9267 F1=0.3206 rec=0.9625 val=nan ep= 19   4.5s
  fold  7 KA03  (outer_race artificial) acc=0.8036 F1=0.2970 rec=0.8000 val=nan ep= 19   4.5s
  fold  8 KA04  (outer_race real      ) acc=0.9928 F1=0.3321 rec=0.9873 val=nan ep= 19   4.5s
  fold  9 KA05  (outer_race artificial) acc=0.9606 F1=0.3266 rec=1.0000 val=nan ep= 19   4.4s
  fold 10 KA06  (outer_race artificial) acc=0.9982 F1=0.3330 rec=1.0000 val=nan ep= 19   4.4s
  fold 11 KA07  (outer_race artificial) acc=0.8911 F1=0.3141 rec=0.9375 val=nan ep= 19   4.4s
  fold 12 KA08  (outer_race artificial) acc=0.7862 F1=0.2934 rec=0.7468 val=nan ep= 19   4.4s
  fold 13 KA09  (outer_race artificial) acc=0.8175 F1=0.2999 rec=0.7625 val=nan ep= 19   4.4s
  fold 14 KA15  (outer_race real      ) acc=0.5323 F1=0.2316 rec=0.6125 val=nan ep= 19   4.4s
  fold 15 KA16  (outer_race real      ) acc=0.9929 F1=0.3321 rec=1.0000 val=nan ep= 19   4.5s
  fold 16 KA22  (outer_race real      ) acc=0.1472 F1=0.0856 rec=0.1250 val=nan ep= 19   4.4s
  fold 17 KA30  (outer_race real      ) acc=0.3232 F1=0.1628 rec=0.2000 val=nan ep= 19   4.4s
  fold 18 KI01  (inner_race artificial) acc=1.0000 F1=0.3333 rec=1.0000 val=nan ep= 19   4.4s
  fold 19 KI03  (inner_race artificial) acc=0.8464 F1=0.3056 rec=1.0000 val=nan ep= 19   4.5s
  fold 20 KI04  (inner_race real      ) acc=1.0000 F1=0.3333 rec=1.0000 val=nan ep= 19   4.5s
  fold 21 KI05  (inner_race artificial) acc=0.2540 F1=0.1350 rec=0.1125 val=nan ep= 19   4.4s
  fold 22 KI07  (inner_race artificial) acc=0.7317 F1=0.2817 rec=0.7500 val=nan ep= 19   4.4s
  fold 23 KI08  (inner_race artificial) acc=0.9642 F1=0.3273 rec=1.0000 val=nan ep= 19   4.4s
  fold 24 KI14  (inner_race real      ) acc=0.7626 F1=0.2884 rec=0.7500 val=nan ep= 19   4.5s
  fold 25 KI16  (inner_race real      ) acc=0.8861 F1=0.3132 rec=1.0000 val=nan ep= 19   4.4s
  fold 26 KI17  (inner_race real      ) acc=0.9875 F1=0.3312 rec=1.0000 val=nan ep= 19   4.4s
  fold 27 KI18  (inner_race real      ) acc=1.0000 F1=0.3333 rec=1.0000 val=nan ep= 19   4.4s
  fold 28 KI21  (inner_race real      ) acc=0.7079 F1=0.2763 rec=0.9125 val=nan ep= 19   4.4s

  -> no_ensemble: window 0.7822  F1 0.7654  recording 0.8092  [2.2 min]

======================================================================
  RECIPE tta_only
  train={'n_seeds': 1}
  aug={'order_jitter_bins': 4, 'amplitude_scale': 0.25, 'channel_dropout': 0.15, 'noise_std': 0.05, 'prob': 0.8}
======================================================================
  device: cuda  cache resident: 66.1 MB
  epochs=20 early_stop=False seeds=1 tta=(-3, 0, 3)
  fold  0 K001  (healthy    none      ) acc=1.0000 F1=0.3333 rec=1.0000 val=nan ep= 19   4.4s
  fold  1 K002  (healthy    none      ) acc=0.0089 F1=0.0059 rec=0.0000 val=nan ep= 19   4.5s
  fold  2 K003  (healthy    none      ) acc=1.0000 F1=0.3333 rec=1.0000 val=nan ep= 19   4.4s
  fold  3 K004  (healthy    none      ) acc=0.6446 F1=0.2613 rec=0.8125 val=nan ep= 19   4.5s
  fold  4 K005  (healthy    none      ) acc=0.6768 F1=0.2691 rec=0.9500 val=nan ep= 19   4.5s
  fold  5 K006  (healthy    none      ) acc=0.9982 F1=0.3330 rec=1.0000 val=nan ep= 19   4.5s
  fold  6 KA01  (outer_race artificial) acc=0.9714 F1=0.3285 rec=1.0000 val=nan ep= 19   4.5s
  fold  7 KA03  (outer_race artificial) acc=0.8232 F1=0.3010 rec=0.8750 val=nan ep= 19   4.5s
  fold  8 KA04  (outer_race real      ) acc=0.9910 F1=0.3318 rec=0.9873 val=nan ep= 19   4.5s
  fold  9 KA05  (outer_race artificial) acc=0.9410 F1=0.3232 rec=1.0000 val=nan ep= 19   4.5s
  fold 10 KA06  (outer_race artificial) acc=1.0000 F1=0.3333 rec=1.0000 val=nan ep= 19   4.4s
  fold 11 KA07  (outer_race artificial) acc=0.8893 F1=0.3138 rec=0.9250 val=nan ep= 19   4.5s
  fold 12 KA08  (outer_race artificial) acc=0.7808 F1=0.2923 rec=0.7468 val=nan ep= 19   4.5s
  fold 13 KA09  (outer_race artificial) acc=0.8211 F1=0.3006 rec=0.7750 val=nan ep= 19   4.5s
  fold 14 KA15  (outer_race real      ) acc=0.5430 F1=0.2346 rec=0.5750 val=nan ep= 19   4.5s
  fold 15 KA16  (outer_race real      ) acc=0.9964 F1=0.3327 rec=1.0000 val=nan ep= 19   4.5s
  fold 16 KA22  (outer_race real      ) acc=0.1490 F1=0.0865 rec=0.1250 val=nan ep= 19   4.5s
  fold 17 KA30  (outer_race real      ) acc=0.3036 F1=0.1553 rec=0.2250 val=nan ep= 19   4.5s
  fold 18 KI01  (inner_race artificial) acc=1.0000 F1=0.3333 rec=1.0000 val=nan ep= 19   4.4s
  fold 19 KI03  (inner_race artificial) acc=0.8268 F1=0.3017 rec=1.0000 val=nan ep= 19   4.5s
  fold 20 KI04  (inner_race real      ) acc=1.0000 F1=0.3333 rec=1.0000 val=nan ep= 19   4.7s
  fold 21 KI05  (inner_race artificial) acc=0.2898 F1=0.1498 rec=0.1500 val=nan ep= 19   5.0s
  fold 22 KI07  (inner_race artificial) acc=0.7406 F1=0.2837 rec=0.7375 val=nan ep= 19   4.7s
  fold 23 KI08  (inner_race artificial) acc=0.9731 F1=0.3288 rec=1.0000 val=nan ep= 19   5.0s
  fold 24 KI14  (inner_race real      ) acc=0.7542 F1=0.2866 rec=0.7941 val=nan ep= 19   4.8s
  fold 25 KI16  (inner_race real      ) acc=0.8683 F1=0.3098 rec=0.9875 val=nan ep= 19   4.8s
  fold 26 KI17  (inner_race real      ) acc=0.9911 F1=0.3318 rec=1.0000 val=nan ep= 19   4.9s
  fold 27 KI18  (inner_race real      ) acc=1.0000 F1=0.3333 rec=1.0000 val=nan ep= 19   4.7s
  fold 28 KI21  (inner_race real      ) acc=0.6882 F1=0.2718 rec=0.8875 val=nan ep= 19   5.0s

  -> tta_only: window 0.7819  F1 0.7649  recording 0.8122  [2.2 min]

======================================================================
  RECIPE epochs40
  train={'epochs': 40}
  aug={'order_jitter_bins': 4, 'amplitude_scale': 0.25, 'channel_dropout': 0.15, 'noise_std': 0.05, 'prob': 0.8}
======================================================================
  device: cuda  cache resident: 66.1 MB
  epochs=40 early_stop=False seeds=3 tta=(-3, 0, 3)
  fold  0 K001  (healthy    none      ) acc=1.0000 F1=0.3333 rec=1.0000 val=nan ep= 39  28.5s
  fold  1 K002  (healthy    none      ) acc=0.0054 F1=0.0036 rec=0.0000 val=nan ep= 39  29.9s
  fold  2 K003  (healthy    none      ) acc=1.0000 F1=0.3333 rec=1.0000 val=nan ep= 39  26.8s
  fold  3 K004  (healthy    none      ) acc=0.6946 F1=0.2733 rec=0.8625 val=nan ep= 39  26.7s
  fold  4 K005  (healthy    none      ) acc=0.7125 F1=0.2774 rec=0.9625 val=nan ep= 39  26.7s
  fold  5 K006  (healthy    none      ) acc=0.9982 F1=0.3330 rec=1.0000 val=nan ep= 39  26.7s
  fold  6 KA01  (outer_race artificial) acc=0.9123 F1=0.3181 rec=0.9625 val=nan ep= 39  26.7s
  fold  7 KA03  (outer_race artificial) acc=0.8321 F1=0.3028 rec=0.8500 val=nan ep= 39  26.7s
  fold  8 KA04  (outer_race real      ) acc=0.9928 F1=0.3321 rec=0.9873 val=nan ep= 39  26.7s
  fold  9 KA05  (outer_race artificial) acc=0.9642 F1=0.3273 rec=1.0000 val=nan ep= 39  26.7s
  fold 10 KA06  (outer_race artificial) acc=1.0000 F1=0.3333 rec=1.0000 val=nan ep= 39  27.4s
  fold 11 KA07  (outer_race artificial) acc=0.9071 F1=0.3171 rec=0.9500 val=nan ep= 39  28.5s
  fold 12 KA08  (outer_race artificial) acc=0.7826 F1=0.2927 rec=0.7468 val=nan ep= 39  28.5s
  fold 13 KA09  (outer_race artificial) acc=0.8354 F1=0.3034 rec=0.7750 val=nan ep= 39  29.8s
  fold 14 KA15  (outer_race real      ) acc=0.5125 F1=0.2259 rec=0.5250 val=nan ep= 39  29.9s
  fold 15 KA16  (outer_race real      ) acc=0.9946 F1=0.3324 rec=1.0000 val=nan ep= 39  30.1s
  fold 16 KA22  (outer_race real      ) acc=0.1670 F1=0.0954 rec=0.1750 val=nan ep= 39  28.7s
  fold 17 KA30  (outer_race real      ) acc=0.3339 F1=0.1669 rec=0.2750 val=nan ep= 39  29.7s
  fold 18 KI01  (inner_race artificial) acc=1.0000 F1=0.3333 rec=1.0000 val=nan ep= 39  29.9s
  fold 19 KI03  (inner_race artificial) acc=0.8518 F1=0.3067 rec=1.0000 val=nan ep= 39  29.9s
  fold 20 KI04  (inner_race real      ) acc=1.0000 F1=0.3333 rec=1.0000 val=nan ep= 39  30.1s
  fold 21 KI05  (inner_race artificial) acc=0.2504 F1=0.1335 rec=0.1000 val=nan ep= 39  29.7s
  fold 22 KI07  (inner_race artificial) acc=0.7174 F1=0.2785 rec=0.7375 val=nan ep= 39  29.1s
  fold 23 KI08  (inner_race artificial) acc=0.9713 F1=0.3285 rec=1.0000 val=nan ep= 39  27.5s
  fold 24 KI14  (inner_race real      ) acc=0.7395 F1=0.2834 rec=0.7794 val=nan ep= 39  27.0s
  fold 25 KI16  (inner_race real      ) acc=0.8719 F1=0.3105 rec=1.0000 val=nan ep= 39  27.0s
  fold 26 KI17  (inner_race real      ) acc=0.9911 F1=0.3318 rec=1.0000 val=nan ep= 39  27.8s
  fold 27 KI18  (inner_race real      ) acc=1.0000 F1=0.3333 rec=1.0000 val=nan ep= 39  28.7s
  fold 28 KI21  (inner_race real      ) acc=0.7294 F1=0.2812 rec=0.9000 val=nan ep= 39  27.0s

  -> epochs40: window 0.7854  F1 0.7691  recording 0.8135  [13.7 min]


==============================================================================
  recipe                   window  macroF1  recording   per-bearing    min
  --------------------------------------------------------------------------
  epochs40                 0.7854   0.7691     0.8135   0.785+-0.277   13.7
  weak_aug                 0.7851   0.7680     0.8166   0.785+-0.276    6.6
  base                     0.7837   0.7667     0.8135   0.784+-0.281    7.0
  no_ensemble              0.7822   0.7654     0.8092   0.782+-0.277    2.2
  tta_only                 0.7819   0.7649     0.8122   0.782+-0.277    2.2
  baseline               0.4153
